// Jest Snapshot v1, https://goo.gl/fbAQLP

exports[`SiteAdminProductSubscriptionPage renders 1`] = `
<MemoryRouter>
  <Router
    history="[History]"
  >
    <SiteAdminProductSubscriptionPage
      _queryProductLicenses={[Function]}
      _queryProductSubscription={[Function]}
      history="[History]"
      location="[Location path=/]"
      match={
        Object {
          "isExact": true,
          "params": Object {
            "subscriptionUUID": "s",
          },
          "path": "/p",
          "url": "/p",
        }
      }
    >
      <div
        className="site-admin-product-subscription-page"
      >
        <PageTitle
          title="Product subscription"
        />
        <div
          className="mb-2"
        >
          <Link
            className="btn btn-link btn-sm"
            to="/site-admin/dotcom/product/subscriptions"
          >
            <LinkAnchor
              className="btn btn-link btn-sm"
              href="/site-admin/dotcom/product/subscriptions"
              navigate={[Function]}
            >
              <a
                className="btn btn-link btn-sm"
                href="/site-admin/dotcom/product/subscriptions"
                onClick={[Function]}
              >
                <ArrowLeftIcon
                  className="icon-inline"
                />
                 All subscriptions
              </a>
            </LinkAnchor>
          </Link>
        </div>
        <h2>
          Product subscription 
        </h2>
        <div
          className="mb-3"
        >
          <button
            className="btn btn-danger"
            disabled={false}
            onClick={[Function]}
            type="button"
          >
            Archive
          </button>
        </div>
        <div
          className="card mt-3"
        >
          <div
            className="card-header"
          >
            Details
          </div>
          <table
            className="table mb-0"
          >
            <tbody>
              <tr>
                <th
                  className="text-nowrap"
                >
                  ID
                </th>
                <td
                  className="w-100"
                />
              </tr>
              <tr>
                <th
                  className="text-nowrap"
                >
                  Plan
                </th>
                <td
                  className="w-100"
                >
                  <ProductSubscriptionLabel
                    productSubscription={
                      Object {
                        "__typename": "ProductSubscription",
                        "createdAt": "2020-01-01",
                        "events": Array [],
                        "url": "/s",
                        "urlForSiteAdminBilling": null,
                      }
                    }
                  >
                    <span
                      className=""
                    >
                      <span
                        className="text-muted font-italic"
                      >
                        No plan selected
                      </span>
                    </span>
                  </ProductSubscriptionLabel>
                </td>
              </tr>
              <tr>
                <th
                  className="text-nowrap"
                >
                  Account
                </th>
                <td
                  className="w-100"
                >
                  <AccountName />
                   â€”
                   
                  <Link
                    to="/s"
                  >
                    <LinkAnchor
                      href="/s"
                      navigate={[Function]}
                    >
                      <a
                        href="/s"
                        onClick={[Function]}
                      >
                        View as user
                      </a>
                    </LinkAnchor>
                  </Link>
                </td>
              </tr>
              <tr>
                <th
                  className="text-nowrap"
                >
                  Account emails
                </th>
                <td
                  className="w-100"
                />
              </tr>
              <tr>
                <th
                  className="text-nowrap"
                >
                  Billing
                </th>
                <td
                  className="w-100"
                >
                  <SiteAdminProductSubscriptionBillingLink
                    onDidUpdate={[Function]}
                    productSubscription={
                      Object {
                        "__typename": "ProductSubscription",
                        "createdAt": "2020-01-01",
                        "events": Array [],
                        "url": "/s",
                        "urlForSiteAdminBilling": null,
                      }
                    }
                  >
                    <div
                      className="site-admin-product-subscription-billing-link"
                    >
                      <div
                        className="d-flex align-items-center"
                      >
                        <button
                          className="btn btn-secondary btn-sm"
                          disabled={false}
                          onClick={[Function]}
                          type="button"
                        >
                          Link billing subscription
                        </button>
                      </div>
                    </div>
                  </SiteAdminProductSubscriptionBillingLink>
                </td>
              </tr>
              <tr>
                <th
                  className="text-nowrap"
                >
                  Created at
                </th>
                <td
                  className="w-100"
                >
                  <Timestamp
                    date="2020-01-01"
                  >
                    <span
                      className="timestamp"
                      data-tooltip="2020-01-01"
                    >
                      in almost 14 years
                    </span>
                  </Timestamp>
                </td>
              </tr>
            </tbody>
          </table>
        </div>
        <LicenseGenerationKeyWarning
          className="mt-3"
        />
        <div
          className="card mt-1"
        >
          <div
            className="card-header d-flex align-items-center justify-content-between"
          >
            Licenses
            <button
              className="btn btn-primary btn-sm"
              onClick={[Function]}
              type="button"
            >
              <AddIcon
                className="icon-inline"
              />
               Generate new license manually
            </button>
          </div>
          <FilteredSiteAdminProductLicenseConnection
            className="list-group list-group-flush"
            compact={true}
            defaultFirst={20}
            hideSearch={true}
            history="[History]"
            location="[Location path=/]"
            noSummaryIfAllNodesVisible={true}
            nodeComponent="SiteAdminProductLicenseNode"
            nodeComponentProps={
              Object {
                "showSubscription": false,
              }
            }
            noun="product license"
            pluralNoun="product licenses"
            queryConnection={[Function]}
            updates="[Subject]"
            useURLQuery={true}
          >
            <div
              className="filtered-connection e2e-filtered-connection filtered-connection--compact list-group list-group-flush"
            >
              <ConnectionNodes
                connection={
                  Object {
                    "__typename": "ProductLicenseConnection",
                    "nodes": Array [
                      Object {
                        "createdAt": "2020-01-01",
                        "id": "l1",
                        "info": Object {
                          "__typename": "ProductLicenseInfo",
                          "expiresAt": "2021-01-01",
                          "productNameWithBrand": "NB",
                          "tags": Array [
                            "a",
                          ],
                          "userCount": 123,
                        },
                        "licenseKey": "lk1",
                        "subscription": Object {
                          "activeLicense": Object {
                            "id": "l1",
                          },
                        },
                      },
                    ],
                    "pageInfo": Object {
                      "hasNextPage": false,
                    },
                    "totalCount": 1,
                  }
                }
                connectionQuery=""
                first={20}
                loading={false}
                location="[Location path=/]"
                noSummaryIfAllNodesVisible={true}
                nodeComponent="SiteAdminProductLicenseNode"
                nodeComponentProps={
                  Object {
                    "showSubscription": false,
                  }
                }
                noun="product license"
                onShowMore={[Function]}
                pluralNoun="product licenses"
                query=""
              >
                <ul
                  className="filtered-connection__nodes "
                >
                  <SiteAdminProductLicenseNode
                    key="l1"
                    node={
                      Object {
                        "createdAt": "2020-01-01",
                        "id": "l1",
                        "info": Object {
                          "__typename": "ProductLicenseInfo",
                          "expiresAt": "2021-01-01",
                          "productNameWithBrand": "NB",
                          "tags": Array [
                            "a",
                          ],
                          "userCount": 123,
                        },
                        "licenseKey": "lk1",
                        "subscription": Object {
                          "activeLicense": Object {
                            "id": "l1",
                          },
                        },
                      }
                    }
                    showSubscription={false}
                  />
                </ul>
              </ConnectionNodes>
            </div>
          </FilteredSiteAdminProductLicenseConnection>
        </div>
        <div
          className="card mt-3"
        >
          <div
            className="card-header"
          >
            History
          </div>
          <ProductSubscriptionHistory
            productSubscription={
              Object {
                "__typename": "ProductSubscription",
                "createdAt": "2020-01-01",
                "events": Array [],
                "url": "/s",
                "urlForSiteAdminBilling": null,
              }
            }
          >
            <div
              className="card-body"
            >
              <span
                className="text-muted"
              >
                No events
              </span>
            </div>
          </ProductSubscriptionHistory>
        </div>
      </div>
    </SiteAdminProductSubscriptionPage>
  </Router>
</MemoryRouter>
`;
