// Jest Snapshot v1, https://goo.gl/fbAQLP

exports[`Markdown render 1`] = `
<span>
  <strong
    key="0"
  >
    a
  </strong>
  bc
  <strong
    key="2"
  >
    ab
  </strong>
  cabc
</span>
`;
