// Jest Snapshot v1, https://goo.gl/fbAQLP

exports[`LinkOrSpan render a link when "to" is set 1`] = `
<AnchorLink
  className=""
  to="http://example.com"
>
  <a
    className=""
    href="http://example.com"
  >
    foo
  </a>
</AnchorLink>
`;

exports[`LinkOrSpan render a span when "to" is undefined 1`] = `
<span
  className=""
>
  foo
</span>
`;
