// Jest Snapshot v1, https://goo.gl/fbAQLP

exports[`RepoLink renders a fragment when "to" is null 1`] = `
Array [
  " ",
  "my/",
  <strong>
    repo
  </strong>,
]
`;

exports[`RepoLink renders a link when "to" is set 1`] = `
<AnchorLink
  className=""
  to="http://example.com"
>
  <a
    className=""
    href="http://example.com"
  >
     
    my/
    <strong>
      repo
    </strong>
  </a>
</AnchorLink>
`;
