// Jest Snapshot v1, https://goo.gl/fbAQLP

exports[`RepoFileLink renders 1`] = `
Array [
  <AnchorLink
    to="https://example.com"
  >
    <a
      href="https://example.com"
    >
      my/repo
    </a>
  </AnchorLink>,
  " â€º",
  " ",
  <AnchorLink
    to="/file?subtree=true"
  >
    <a
      href="/file?subtree=true"
    >
      my/
      <strong>
        file
      </strong>
    </a>
  </AnchorLink>,
]
`;
