// Jest Snapshot v1, https://goo.gl/fbAQLP

exports[`UserSubscriptionsEditProductSubscriptionPage renders 1`] = `
<Router
  history="[History]"
>
  <UserSubscriptionsEditProductSubscriptionPage
    _queryProductSubscription={[Function]}
    history="[History]"
    isLightTheme={true}
    location="[Location path=/]"
    match={
      Object {
        "isExact": true,
        "params": Object {
          "subscriptionUUID": "s",
        },
        "path": "/p",
        "url": "/p",
      }
    }
    user={
      Object {
        "id": "u",
      }
    }
  >
    <div
      className="user-subscriptions-edit-product-subscription-page"
    >
      <PageTitle
        title="Edit subscription"
      />
      <Link
        className="btn btn-link btn-sm mb-3"
        to="/s"
      >
        <LinkAnchor
          className="btn btn-link btn-sm mb-3"
          href="/s"
          navigate={[Function]}
        >
          <a
            className="btn btn-link btn-sm mb-3"
            href="/s"
            onClick={[Function]}
          >
            <ArrowLeftIcon
              className="icon-inline"
            />
             Subscription
          </a>
        </LinkAnchor>
      </Link>
      <h2>
        Upgrade or change subscription 
        L-123
      </h2>
      <ProductSubscriptionForm
        accountID="u"
        afterPrimaryButton={
          <small
            className="form-text text-muted"
          >
            An upgraded license key will be available immediately.
          </small>
        }
        history="[History]"
        initialValue={
          Object {
            "billingPlanID": "bp",
            "userCount": 123,
          }
        }
        isLightTheme={true}
        onSubmit={[Function]}
        primaryButtonText="Upgrade subscription"
        subscriptionID="s"
      />
    </div>
  </UserSubscriptionsEditProductSubscriptionPage>
</Router>
`;
